окт 04 15:45:49 mephi-2026.domain.local systemd[1]: Starting nginx.service - The nginx HTTP and reverse proxy server...
окт 04 15:45:49 mephi-2026.domain.local nginx[1599]: nginx: the configuration file /etc/nginx/nginx.conf syntax is ok
окт 04 15:45:49 mephi-2026.domain.local nginx[1599]: nginx: configuration file /etc/nginx/nginx.conf test is successful
окт 04 15:45:49 mephi-2026.domain.local systemd[1]: Started nginx.service - The nginx HTTP and reverse proxy server.
окт 04 18:16:38 mephi-2026.domain.local systemd[1]: Stopping nginx.service - The nginx HTTP and reverse proxy server...
окт 04 18:16:38 mephi-2026.domain.local systemd[1]: nginx.service: Deactivated successfully.
окт 04 18:16:38 mephi-2026.domain.local systemd[1]: Stopped nginx.service - The nginx HTTP and reverse proxy server.
окт 04 18:16:38 mephi-2026.domain.local systemd[1]: Starting nginx.service - The nginx HTTP and reverse proxy server...
окт 04 18:16:38 mephi-2026.domain.local nginx[2935]: nginx: the configuration file /etc/nginx/nginx.conf syntax is ok
окт 04 18:16:38 mephi-2026.domain.local nginx[2935]: nginx: configuration file /etc/nginx/nginx.conf test is successful
окт 04 18:16:38 mephi-2026.domain.local systemd[1]: Started nginx.service - The nginx HTTP and reverse proxy server.
окт 04 18:59:45 mephi-2026.domain.local systemd[1]: Stopping nginx.service - The nginx HTTP and reverse proxy server...
окт 04 18:59:45 mephi-2026.domain.local systemd[1]: nginx.service: Deactivated successfully.
окт 04 18:59:45 mephi-2026.domain.local systemd[1]: Stopped nginx.service - The nginx HTTP and reverse proxy server.
окт 04 18:59:45 mephi-2026.domain.local systemd[1]: Starting nginx.service - The nginx HTTP and reverse proxy server...
окт 04 18:59:45 mephi-2026.domain.local nginx[3226]: nginx: [warn] conflicting server name "_" on 0.0.0.0:80, ignored
окт 04 18:59:45 mephi-2026.domain.local nginx[3226]: nginx: [warn] conflicting server name "_" on [::]:80, ignored
окт 04 18:59:45 mephi-2026.domain.local nginx[3226]: nginx: the configuration file /etc/nginx/nginx.conf syntax is ok
окт 04 18:59:45 mephi-2026.domain.local nginx[3226]: nginx: configuration file /etc/nginx/nginx.conf test is successful
окт 04 18:59:45 mephi-2026.domain.local nginx[3227]: nginx: [warn] conflicting server name "_" on 0.0.0.0:80, ignored
окт 04 18:59:45 mephi-2026.domain.local nginx[3227]: nginx: [warn] conflicting server name "_" on [::]:80, ignored
окт 04 18:59:45 mephi-2026.domain.local systemd[1]: Started nginx.service - The nginx HTTP and reverse proxy server.
